// Jest Snapshot v1, https://goo.gl/fbAQLP

exports[`matches a previous snapshot 1`] = `
<img
  className="sc-bdVaJa hrdBvl"
  size="large"
  src="https://randomuser.me/api/portraits/men/51.jpg"
/>
`;
