// Jest Snapshot v1, https://goo.gl/fbAQLP

exports[`matches a previous snapshot 1`] = `
<div
  class="sc-bdVaJa dTtgiD"
>
  
</div>
`;
